QuestaSim-64 vopt 2024.1 Compiler 2024.02 Feb  1 2024
** Warning: (vopt-10587) Some optimizations are turned off because the +acc switch is in effect. This will cause your simulation to run slowly. Please use -access/-debug to maintain needed visibility.
Start time: 16:51:15 on Sep 22,2026
vopt -reportprogress 300 axi4_lite_top -o axi4_lite_opt "+acc" -l vopt.log 

Top level modules:
	axi4_lite_top

Analyzing design...
-- Loading module axi4_lite_top
-- Loading package mtiUvm.questa_uvm_pkg
-- Loading interface axi_if
-- Loading module axilite_s
Incremental compilation check found 2 design-units (out of 8) may be reused.
Optimizing 6 design-units (inlining 0/3 module instances):
-- Optimizing package axi4_lite_pkg(fast)
-- Optimizing package axi4_lite_tb_top_sv_unit(fast)
-- Optimizing module axilite_s(fast)
** Note: (vopt-143) Recognized 1 FSM in module "axilite_s(fast)".
-- Optimizing module axi4_lite_top(fast)
-- Optimizing interface axi_if(fast__2)
-- Optimizing interface axi_if(fast)
Optimized design name is axi4_lite_opt
End time: 16:51:16 on Sep 22,2026, Elapsed time: 0:00:01
Errors: 0, Warnings: 1
