BEGIN 3:axi_if:fast__2:work
    wready :  1:axi4_lite_top:fast:work
    clk :  1:axi4_lite_top:fast:work
    wresp :  1:axi4_lite_top:fast:work
    bvalid :  1:axi4_lite_top:fast:work
    awvalid :  1:axi4_lite_top:fast:work
    rready :  1:axi4_lite_top:fast:work
    arvalid :  1:axi4_lite_top:fast:work
    araddr :  1:axi4_lite_top:fast:work
    wvalid :  1:axi4_lite_top:fast:work
    rdata :  1:axi4_lite_top:fast:work
    bready :  1:axi4_lite_top:fast:work
    resetn :  1:axi4_lite_top:fast:work
    rresp :  1:axi4_lite_top:fast:work
    rvalid :  1:axi4_lite_top:fast:work
    awready :  1:axi4_lite_top:fast:work
    awaddr :  1:axi4_lite_top:fast:work
    arready :  1:axi4_lite_top:fast:work
    wdata :  1:axi4_lite_top:fast:work
END 
BEGIN 3:axi_if:fast__1:work
    clk :  1:axi4_lite_pkg:fast:work
    awaddr :  1:axi4_lite_pkg:fast:work
    wresp :  1:axi4_lite_pkg:fast:work
    arready :  1:axi4_lite_pkg:fast:work
    rvalid :  1:axi4_lite_pkg:fast:work
    resetn :  1:axi4_lite_pkg:fast:work
    rresp :  1:axi4_lite_pkg:fast:work
    araddr :  1:axi4_lite_pkg:fast:work
    bvalid :  1:axi4_lite_pkg:fast:work
    bready :  1:axi4_lite_pkg:fast:work
    awvalid :  1:axi4_lite_pkg:fast:work
    arvalid :  1:axi4_lite_pkg:fast:work
    wready :  1:axi4_lite_pkg:fast:work
    wdata :  1:axi4_lite_pkg:fast:work
    rready :  1:axi4_lite_pkg:fast:work
    rdata :  1:axi4_lite_pkg:fast:work
    awready :  1:axi4_lite_pkg:fast:work
    wvalid :  1:axi4_lite_pkg:fast:work
END 
